Archive member included because of file (symbol)

e:/programme/coide/gcc-arm-none-eabi-4_8-2014q3-20140805-win32/bin/../lib/gcc/arm-none-eabi/4.8.4/../../../../arm-none-eabi/lib/armv7e-m\libm.a(lib_a-w_atan2.o)
                              ..\obj\LSM303DLHC.o (atan2)
e:/programme/coide/gcc-arm-none-eabi-4_8-2014q3-20140805-win32/bin/../lib/gcc/arm-none-eabi/4.8.4/../../../../arm-none-eabi/lib/armv7e-m\libm.a(lib_a-e_atan2.o)
                              e:/programme/coide/gcc-arm-none-eabi-4_8-2014q3-20140805-win32/bin/../lib/gcc/arm-none-eabi/4.8.4/../../../../arm-none-eabi/lib/armv7e-m\libm.a(lib_a-w_atan2.o) (__ieee754_atan2)
e:/programme/coide/gcc-arm-none-eabi-4_8-2014q3-20140805-win32/bin/../lib/gcc/arm-none-eabi/4.8.4/../../../../arm-none-eabi/lib/armv7e-m\libm.a(lib_a-s_atan.o)
                              e:/programme/coide/gcc-arm-none-eabi-4_8-2014q3-20140805-win32/bin/../lib/gcc/arm-none-eabi/4.8.4/../../../../arm-none-eabi/lib/armv7e-m\libm.a(lib_a-e_atan2.o) (atan)
e:/programme/coide/gcc-arm-none-eabi-4_8-2014q3-20140805-win32/bin/../lib/gcc/arm-none-eabi/4.8.4/../../../../arm-none-eabi/lib/armv7e-m\libm.a(lib_a-s_fabs.o)
                              e:/programme/coide/gcc-arm-none-eabi-4_8-2014q3-20140805-win32/bin/../lib/gcc/arm-none-eabi/4.8.4/../../../../arm-none-eabi/lib/armv7e-m\libm.a(lib_a-e_atan2.o) (fabs)
e:/programme/coide/gcc-arm-none-eabi-4_8-2014q3-20140805-win32/bin/../lib/gcc/arm-none-eabi/4.8.4/armv7e-m\libgcc.a(_arm_addsubdf3.o)
                              e:/programme/coide/gcc-arm-none-eabi-4_8-2014q3-20140805-win32/bin/../lib/gcc/arm-none-eabi/4.8.4/../../../../arm-none-eabi/lib/armv7e-m\libm.a(lib_a-e_atan2.o) (__aeabi_dsub)
e:/programme/coide/gcc-arm-none-eabi-4_8-2014q3-20140805-win32/bin/../lib/gcc/arm-none-eabi/4.8.4/armv7e-m\libgcc.a(_arm_muldivdf3.o)
                              ..\obj\minimu9v2.o (__aeabi_dmul)
e:/programme/coide/gcc-arm-none-eabi-4_8-2014q3-20140805-win32/bin/../lib/gcc/arm-none-eabi/4.8.4/armv7e-m\libgcc.a(_arm_cmpdf2.o)
                              e:/programme/coide/gcc-arm-none-eabi-4_8-2014q3-20140805-win32/bin/../lib/gcc/arm-none-eabi/4.8.4/../../../../arm-none-eabi/lib/armv7e-m\libm.a(lib_a-s_atan.o) (__aeabi_dcmpgt)
e:/programme/coide/gcc-arm-none-eabi-4_8-2014q3-20140805-win32/bin/../lib/gcc/arm-none-eabi/4.8.4/armv7e-m\libgcc.a(_arm_fixdfsi.o)
                              ..\obj\calculations.o (__aeabi_d2iz)
e:/programme/coide/gcc-arm-none-eabi-4_8-2014q3-20140805-win32/bin/../lib/gcc/arm-none-eabi/4.8.4/armv7e-m\libgcc.a(_arm_truncdfsf2.o)
                              ..\obj\LSM303DLHC.o (__aeabi_d2f)
e:/programme/coide/gcc-arm-none-eabi-4_8-2014q3-20140805-win32/bin/../lib/gcc/arm-none-eabi/4.8.4/armv7e-m\libgcc.a(_arm_addsubsf3.o)
                              ..\obj\LSM303DLHC.o (__aeabi_fsub)
e:/programme/coide/gcc-arm-none-eabi-4_8-2014q3-20140805-win32/bin/../lib/gcc/arm-none-eabi/4.8.4/armv7e-m\libgcc.a(_arm_muldivsf3.o)
                              ..\obj\LSM303DLHC.o (__aeabi_fmul)
e:/programme/coide/gcc-arm-none-eabi-4_8-2014q3-20140805-win32/bin/../lib/gcc/arm-none-eabi/4.8.4/armv7e-m\libgcc.a(_arm_cmpsf2.o)
                              ..\obj\PID.o (__aeabi_fcmplt)
e:/programme/coide/gcc-arm-none-eabi-4_8-2014q3-20140805-win32/bin/../lib/gcc/arm-none-eabi/4.8.4/armv7e-m\libgcc.a(_arm_fixsfsi.o)
                              ..\obj\SendMetric.o (__aeabi_f2iz)
e:/programme/coide/gcc-arm-none-eabi-4_8-2014q3-20140805-win32/bin/../lib/gcc/arm-none-eabi/4.8.4/../../../../arm-none-eabi/lib/armv7e-m\libc.a(lib_a-memcpy.o)
                              ..\obj\queue.o (memcpy)
e:/programme/coide/gcc-arm-none-eabi-4_8-2014q3-20140805-win32/bin/../lib/gcc/arm-none-eabi/4.8.4/../../../../arm-none-eabi/lib/armv7e-m\libc.a(lib_a-memset.o)
                              ..\obj\tasks.o (memset)
e:/programme/coide/gcc-arm-none-eabi-4_8-2014q3-20140805-win32/bin/../lib/gcc/arm-none-eabi/4.8.4/../../../../arm-none-eabi/lib/armv7e-m\libc.a(lib_a-strncpy.o)
                              ..\obj\tasks.o (strncpy)

Allocating common symbols
Common symbol       size              file

acc                 0x24              ..\obj\LSM303DLHC.o
pwm_ch4             0x4               ..\obj\main.o
pwm_ch3             0x4               ..\obj\main.o
pwm_ch2             0x4               ..\obj\main.o
att                 0x18              ..\obj\SendMetric.o
pwm_ch1             0x4               ..\obj\main.o
regler_start        0x1               ..\obj\minimu9v2.o
gyr                 0x20              ..\obj\minimu9v2.o

Discarded input sections

 .text          0x00000000        0x0 ..\obj\i2c.o
 .data          0x00000000        0x0 ..\obj\i2c.o
 .bss           0x00000000        0x4 ..\obj\i2c.o
 .text          0x00000000        0x0 ..\obj\LSM303DLHC.o
 .bss           0x00000000        0x0 ..\obj\LSM303DLHC.o
 .text          0x00000000        0x0 ..\obj\SendMetric.o
 .data          0x00000000        0x0 ..\obj\SendMetric.o
[...]
Memory Configuration

Name             Origin             Length             Attributes
rom              0x08000000         0x00100000         xr
ram              0x20000000         0x00020000         xrw
ram1             0x10000000         0x00010000         xrw
*default*        0x00000000         0xffffffff

Linker script and memory map

                0x20020000                _eram = 0x20020000

.text           0x08000000     0x4e88
 *(.isr_vector)
 .isr_vector    0x08000000      0x188 ..\obj\startup_stm32f4xx.o
                0x08000000                g_pfnVectors
 *(.text*)
 .text.I2C1_Init
                0x08000188       0xcc ..\obj\i2c.o
                0x08000188                I2C1_Init
 *fill*         0x08000254        0x4 
 .text.LSM303DLHC_updateAngle
                0x08000258      0x180 ..\obj\LSM303DLHC.o
                0x08000258                LSM303DLHC_updateAngle
 .text.LSM303DLHC_Init_Default
                0x080003d8       0x20 ..\obj\LSM303DLHC.o
                0x080003d8                LSM303DLHC_Init_Default
 .text.LSM303DLHC_Send1byte
                0x080003f8       0xb8 ..\obj\LSM303DLHC.o
                0x080003f8                LSM303DLHC_Send1byte
 .text.LSM303DLHC_ReadAllAxes
                0x080004b0      0x198 ..\obj\LSM303DLHC.o
                0x080004b0                LSM303DLHC_ReadAllAxes
 .text.LSM303DLHC_Read1Byte
                0x08000648       0xf4 ..\obj\LSM303DLHC.o
                0x08000648                LSM303DLHC_Read1Byte
 .text.LSM303DLHC_getCalibration
                0x0800073c      0x110 ..\obj\LSM303DLHC.o
                0x0800073c                LSM303DLHC_getCalibration
 .text.LSM303DLHC_GetInt
                0x0800084c       0x34 ..\obj\LSM303DLHC.o
                0x0800084c                LSM303DLHC_GetInt
 .text.USART_Init
                0x08000880      0x174 ..\obj\stm32f4xx_usart.o
                0x08000880                USART_Init
 .text.USART_Cmd
                0x080009f4       0x40 ..\obj\stm32f4xx_usart.o
                0x080009f4                USART_Cmd
 .text.USART_SendData
                0x08000a34       0x24 ..\obj\stm32f4xx_usart.o
                0x08000a34                USART_SendData
 .text.USART_GetFlagStatus
                0x08000a58       0x38 ..\obj\stm32f4xx_usart.o
                0x08000a58                USART_GetFlagStatus
 .text.InitLEDs
                0x08000a90       0x38 ..\obj\led.o
                0x08000a90                InitLEDs
 .text.vLEDFlashTask
                0x08000ac8       0x28 ..\obj\led.o
                0x08000ac8                vLEDFlashTask
 .text.LED_setPin
                0x08000af0       0x14 ..\obj\led.o
                0x08000af0                LED_setPin
 .text.LED_resetPin
                0x08000b04       0x14 ..\obj\led.o
                0x08000b04                LED_resetPin
 .text.IMU_Init
                0x08000b18       0x18 ..\obj\minimu9v2.o
                0x08000b18                IMU_Init
 .text.vMinIMU9v2Task
                0x08000b30      0x1a0 ..\obj\minimu9v2.o
                0x08000b30                vMinIMU9v2Task
 .text.L3GD20_updateAngle
                0x08000cd0      0x178 ..\obj\L3GD20.o
                0x08000cd0                L3GD20_updateAngle
 .text.L3GD20_Init_Default
                0x08000e48       0x20 ..\obj\L3GD20.o
                0x08000e48                L3GD20_Init_Default
 .text.L3GD20_Read1Byte
                0x08000e68       0xf4 ..\obj\L3GD20.o
                0x08000e68                L3GD20_Read1Byte
 .text.L3GD20_ReadAllAxes
                0x08000f5c      0x124 ..\obj\L3GD20.o
                0x08000f5c                L3GD20_ReadAllAxes
 .text.L3GD20_GetInt
                0x08001080       0x34 ..\obj\L3GD20.o
                0x08001080                L3GD20_GetInt
 .text.L3GD20_Write1Byte
                0x080010b4       0xac ..\obj\L3GD20.o
                0x080010b4                L3GD20_Write1Byte
 .text.getCalibration
                0x08001160      0x110 ..\obj\L3GD20.o
                0x08001160                getCalibration
 .text.DAC_Init
                0x08001270       0x64 ..\obj\stm32f4xx_dac.o
                0x08001270                DAC_Init
 .text.DAC_Cmd  0x080012d4       0x48 ..\obj\stm32f4xx_dac.o
                0x080012d4                DAC_Cmd
 .text.DAC_SetChannel1Data
                0x0800131c       0x34 ..\obj\stm32f4xx_dac.o
                0x0800131c                DAC_SetChannel1Data
 .text.RCC_Configuration
                0x08001350       0x18 ..\obj\uart_et.o
                0x08001350                RCC_Configuration
 .text.GPIO_Configuration
                0x08001368       0x44 ..\obj\uart_et.o
                0x08001368                GPIO_Configuration
 .text.USART6_Configuration
                0x080013ac       0x3c ..\obj\uart_et.o
                0x080013ac                USART6_Configuration
 .text.USARTinit
                0x080013e8       0x14 ..\obj\uart_et.o
                0x080013e8                USARTinit
 .text.USART_putchar
                0x080013fc       0x30 ..\obj\uart_et.o
                0x080013fc                USART_putchar
 .text.USART_puts
                0x0800142c       0x28 ..\obj\uart_et.o
                0x0800142c                USART_puts
 .text.USART_send3values
                0x08001454       0x34 ..\obj\uart_et.o
                0x08001454                USART_send3values
 .text.Default_Reset_Handler
                0x08001488       0x5c ..\obj\startup_stm32f4xx.o
                0x08001488                Default_Reset_Handler
                0x08001488                Reset_Handler
 .text.Default_Handler
                0x080014e4        0x8 ..\obj\startup_stm32f4xx.o
                0x080014e4                RTC_Alarm_IRQHandler
                0x080014e4                HASH_RNG_IRQHandler
                0x080014e4                EXTI2_IRQHandler
                0x080014e4                TIM8_CC_IRQHandler
                0x080014e4                DebugMon_Handler
                0x080014e4                TIM1_CC_IRQHandler
                0x080014e4                DMA2_Stream5_IRQHandler
                0x080014e4                HardFault_Handler
                0x080014e4                DMA1_Stream5_IRQHandler
                0x080014e4                PVD_IRQHandler
                0x080014e4                SDIO_IRQHandler
                0x080014e4                TAMP_STAMP_IRQHandler
                0x080014e4                NMI_Handler
                0x080014e4                CAN2_RX1_IRQHandler
                0x080014e4                EXTI3_IRQHandler
                0x080014e4                TIM8_TRG_COM_TIM14_IRQHandler
                0x080014e4                TIM1_UP_TIM10_IRQHandler
                0x080014e4                TIM8_UP_TIM13_IRQHandler
                0x080014e4                I2C3_ER_IRQHandler
                0x080014e4                EXTI0_IRQHandler
                0x080014e4                I2C2_EV_IRQHandler
                0x080014e4                DMA1_Stream2_IRQHandler
                0x080014e4                CAN1_RX0_IRQHandler
                0x080014e4                FPU_IRQHandler
                0x080014e4                OTG_HS_WKUP_IRQHandler
                0x080014e4                UsageFault_Handler
                0x080014e4                CAN2_SCE_IRQHandler
                0x080014e4                DMA2_Stream2_IRQHandler
                0x080014e4                SPI1_IRQHandler
                0x080014e4                TIM6_DAC_IRQHandler
                0x080014e4                TIM1_BRK_TIM9_IRQHandler
                0x080014e4                DCMI_IRQHandler
                0x080014e4                CAN2_RX0_IRQHandler
                0x080014e4                DMA2_Stream3_IRQHandler
                0x080014e4                USART6_IRQHandler
                0x080014e4                USART3_IRQHandler
                0x080014e4                CRYP_IRQHandler
                0x080014e4                CAN1_RX1_IRQHandler
                0x080014e4                UART5_IRQHandler
                0x080014e4                DMA2_Stream0_IRQHandler
                0x080014e4                TIM4_IRQHandler
                0x080014e4                I2C1_EV_IRQHandler
                0x080014e4                DMA1_Stream6_IRQHandler
                0x080014e4                DMA1_Stream1_IRQHandler
                0x080014e4                UART4_IRQHandler
                0x080014e4                TIM3_IRQHandler
                0x080014e4                RCC_IRQHandler
                0x080014e4                TIM8_BRK_TIM12_IRQHandler
                0x080014e4                EXTI15_10_IRQHandler
                0x080014e4                ADC_IRQHandler
                0x080014e4                DMA1_Stream7_IRQHandler
                0x080014e4                TIM7_IRQHandler
                0x080014e4                CAN2_TX_IRQHandler
                0x080014e4                TIM5_IRQHandler
                0x080014e4                DMA2_Stream7_IRQHandler
                0x080014e4                I2C3_EV_IRQHandler
                0x080014e4                EXTI9_5_IRQHandler
                0x080014e4                RTC_WKUP_IRQHandler
                0x080014e4                ETH_WKUP_IRQHandler
                0x080014e4                SPI2_IRQHandler
                0x080014e4                OTG_HS_EP1_IN_IRQHandler
                0x080014e4                MemManage_Handler
                0x080014e4                DMA1_Stream0_IRQHandler
                0x080014e4                CAN1_TX_IRQHandler
                0x080014e4                EXTI4_IRQHandler
                0x080014e4                FSMC_IRQHandler
                0x080014e4                ETH_IRQHandler
                0x080014e4                OTG_HS_EP1_OUT_IRQHandler
                0x080014e4                WWDG_IRQHandler
                0x080014e4                TIM2_IRQHandler
                0x080014e4                OTG_FS_WKUP_IRQHandler
                0x080014e4                TIM1_TRG_COM_TIM11_IRQHandler
                0x080014e4                OTG_HS_IRQHandler
                0x080014e4                EXTI1_IRQHandler
                0x080014e4                USART2_IRQHandler
                0x080014e4                I2C2_ER_IRQHandler
                0x080014e4                DMA2_Stream1_IRQHandler
                0x080014e4                CAN1_SCE_IRQHandler
                0x080014e4                FLASH_IRQHandler
                0x080014e4                DMA2_Stream4_IRQHandler
                0x080014e4                BusFault_Handler
                0x080014e4                USART1_IRQHandler
                0x080014e4                OTG_FS_IRQHandler
                0x080014e4                SPI3_IRQHandler
                0x080014e4                DMA1_Stream4_IRQHandler
                0x080014e4                I2C1_ER_IRQHandler
                0x080014e4                DMA2_Stream6_IRQHandler
                0x080014e4                DMA1_Stream3_IRQHandler
 .text.vApplicationTickHook
                0x080014ec        0xc ..\obj\main.o
                0x080014ec                vApplicationTickHook
 .text.main     0x080014f8       0xb0 ..\obj\main.o
                0x080014f8                main
 .text.RCC_GetClocksFreq
                0x080015a8      0x154 ..\obj\stm32f4xx_rcc.o
                0x080015a8                RCC_GetClocksFreq
 .text.RCC_AHB1PeriphClockCmd
                0x080016fc       0x3c ..\obj\stm32f4xx_rcc.o
                0x080016fc                RCC_AHB1PeriphClockCmd
 .text.RCC_APB1PeriphClockCmd
                0x08001738       0x3c ..\obj\stm32f4xx_rcc.o
                0x08001738                RCC_APB1PeriphClockCmd
 .text.RCC_APB2PeriphClockCmd
                0x08001774       0x3c ..\obj\stm32f4xx_rcc.o
                0x08001774                RCC_APB2PeriphClockCmd
 .text.RCC_APB1PeriphResetCmd
                0x080017b0       0x3c ..\obj\stm32f4xx_rcc.o
                0x080017b0                RCC_APB1PeriphResetCmd
 .text.PutChar  0x080017ec       0x20 ..\obj\printf.o
                0x080017ec                PutChar
 .text.PutString
                0x0800180c       0x3c ..\obj\printf.o
                0x0800180c                PutString
 .text.PutUnsignedInt
                0x08001848       0xa0 ..\obj\printf.o
                0x08001848                PutUnsignedInt
 .text.PutSignedInt
                0x080018e8       0xfc ..\obj\printf.o
                0x080018e8                PutSignedInt
 .text.PutHexa  0x080019e4       0xd4 ..\obj\printf.o
                0x080019e4                PutHexa
 .text.vsnprintf
                0x08001ab8      0x254 ..\obj\printf.o
                0x08001ab8                vsnprintf
 .text.vsprintf
                0x08001d0c       0x24 ..\obj\printf.o
                0x08001d0c                vsprintf
 .text.sprintf  0x08001d30       0x2c ..\obj\printf.o
                0x08001d30                sprintf
 .text.DAC_set  0x08001d5c       0x54 ..\obj\dac.o
                0x08001d5c                DAC_set
 .text.DAC_Initialisation
                0x08001db0       0x68 ..\obj\dac.o
                0x08001db0                DAC_Initialisation
 .text.xTaskGenericCreate
                0x08001e18      0x148 ..\obj\tasks.o
                0x08001e18                xTaskGenericCreate
 .text.vTaskDelayUntil
                0x08001f60       0xd0 ..\obj\tasks.o
                0x08001f60                vTaskDelayUntil
 .text.vTaskDelay
                0x08002030       0x8c ..\obj\tasks.o
                0x08002030                vTaskDelay
 .text.vTaskStartScheduler
                0x080020bc       0x5c ..\obj\tasks.o
                0x080020bc                vTaskStartScheduler
 .text.vTaskSuspendAll
                0x08002118       0x1c ..\obj\tasks.o
                0x08002118                vTaskSuspendAll
 .text.xTaskResumeAll
                0x08002134      0x100 ..\obj\tasks.o
                0x08002134                xTaskResumeAll
 .text.xTaskGetTickCount
                0x08002234       0x24 ..\obj\tasks.o
                0x08002234                xTaskGetTickCount
 .text.vTaskIncrementTick
                0x08002258       0xec ..\obj\tasks.o
                0x08002258                vTaskIncrementTick
 .text.vTaskSwitchContext
                0x08002344       0x94 ..\obj\tasks.o
                0x08002344                vTaskSwitchContext
 .text.prvIdleTask
                0x080023d8       0x20 ..\obj\tasks.o
 .text.prvInitialiseTCBVariables
                0x080023f8       0x6c ..\obj\tasks.o
 .text.prvInitialiseTaskLists
                0x08002464       0x7c ..\obj\tasks.o
 .text.prvCheckTasksWaitingTermination
                0x080024e0       0x84 ..\obj\tasks.o
 .text.prvAllocateTCBAndStack
                0x08002564       0x64 ..\obj\tasks.o
 .text.prvDeleteTCB
                0x080025c8       0x20 ..\obj\tasks.o
 .text.GPIO_Init
                0x080025e8      0x11c ..\obj\stm32f4xx_gpio.o
                0x080025e8                GPIO_Init
 .text.GPIO_SetBits
                0x08002704       0x1c ..\obj\stm32f4xx_gpio.o
                0x08002704                GPIO_SetBits
 .text.GPIO_ResetBits
                0x08002720       0x1c ..\obj\stm32f4xx_gpio.o
                0x08002720                GPIO_ResetBits
 .text.GPIO_PinAFConfig
                0x0800273c       0x8c ..\obj\stm32f4xx_gpio.o
                0x0800273c                GPIO_PinAFConfig
 .text.vListInitialise
                0x080027c8       0x40 ..\obj\list.o
                0x080027c8                vListInitialise
 .text.vListInitialiseItem
                0x08002808       0x18 ..\obj\list.o
                0x08002808                vListInitialiseItem
 .text.vListInsertEnd
                0x08002820       0x50 ..\obj\list.o
                0x08002820                vListInsertEnd
 .text.vListInsert
                0x08002870       0x70 ..\obj\list.o
                0x08002870                vListInsert
 .text.vListRemove
                0x080028e0       0x50 ..\obj\list.o
                0x080028e0                vListRemove
 .text.SystemInit
                0x08002930       0x58 ..\obj\system_stm32f4xx.o
                0x08002930                SystemInit
 .text.SetSysClock
                0x08002988       0xf4 ..\obj\system_stm32f4xx.o
 .text.vRegler  0x08002a7c      0x1c8 ..\obj\regler.o
                0x08002a7c                vRegler
 .text.pxPortInitialiseStack
                0x08002c44       0x54 ..\obj\port.o
                0x08002c44                pxPortInitialiseStack
 .text.SVC_Handler
                0x08002c98       0x20 ..\obj\port.o
                0x08002c98                SVC_Handler
 .text.vPortStartFirstTask
                0x08002cb8       0x10 ..\obj\port.o
                0x08002cb8                vPortStartFirstTask
 .text.xPortStartScheduler
                0x08002cc8       0x38 ..\obj\port.o
                0x08002cc8                xPortStartScheduler
 .text.vPortYieldFromISR
                0x08002d00       0x18 ..\obj\port.o
                0x08002d00                vPortYieldFromISR
 .text.vPortEnterCritical
                0x08002d18       0x24 ..\obj\port.o
                0x08002d18                vPortEnterCritical
 .text.vPortExitCritical
                0x08002d3c       0x2c ..\obj\port.o
                0x08002d3c                vPortExitCritical
 .text.PendSV_Handler
                0x08002d68       0x3c ..\obj\port.o
                0x08002d68                PendSV_Handler
 .text.SysTick_Handler
                0x08002da4       0x30 ..\obj\port.o
                0x08002da4                SysTick_Handler
 .text.prvSetupTimerInterrupt
                0x08002dd4       0x24 ..\obj\port.o
 .text.I2C_DeInit
                0x08002df8       0x74 ..\obj\stm32f4xx_i2c.o
                0x08002df8                I2C_DeInit
 .text.I2C_Init
                0x08002e6c      0x184 ..\obj\stm32f4xx_i2c.o
                0x08002e6c                I2C_Init
 .text.I2C_Cmd  0x08002ff0       0x40 ..\obj\stm32f4xx_i2c.o
                0x08002ff0                I2C_Cmd
 .text.I2C_GenerateSTART
                0x08003030       0x40 ..\obj\stm32f4xx_i2c.o
                0x08003030                I2C_GenerateSTART
 .text.I2C_GenerateSTOP
                0x08003070       0x40 ..\obj\stm32f4xx_i2c.o
                0x08003070                I2C_GenerateSTOP
 .text.I2C_Send7bitAddress
                0x080030b0       0x3c ..\obj\stm32f4xx_i2c.o
                0x080030b0                I2C_Send7bitAddress
 .text.I2C_AcknowledgeConfig
                0x080030ec       0x40 ..\obj\stm32f4xx_i2c.o
                0x080030ec                I2C_AcknowledgeConfig
 .text.I2C_SendData
                0x0800312c       0x20 ..\obj\stm32f4xx_i2c.o
                0x0800312c                I2C_SendData
 .text.I2C_ReceiveData
                0x0800314c       0x1c ..\obj\stm32f4xx_i2c.o
                0x0800314c                I2C_ReceiveData
 .text.I2C_CheckEvent
                0x08003168       0x60 ..\obj\stm32f4xx_i2c.o
                0x08003168                I2C_CheckEvent
 .text.I2C_GetFlagStatus
                0x080031c8       0x68 ..\obj\stm32f4xx_i2c.o
                0x080031c8                I2C_GetFlagStatus
 .text.I2C_ClearFlag
                0x08003230       0x2c ..\obj\stm32f4xx_i2c.o
                0x08003230                I2C_ClearFlag
 *fill*         0x0800325c        0x4 
 .text.MovingAverage
                0x08003260       0x90 ..\obj\calculations.o
                0x08003260                MovingAverage
 .text.Calc_smoothValues
                0x080032f0       0x54 ..\obj\calculations.o
                0x080032f0                Calc_smoothValues
 .text.pvPortMalloc
                0x08003344      0x148 ..\obj\heap_2.o
                0x08003344                pvPortMalloc
 .text.vPortFree
                0x0800348c       0x70 ..\obj\heap_2.o
                0x0800348c                vPortFree
 .text.TIM_TimeBaseInit
                0x080034fc       0xd4 ..\obj\stm32f4xx_tim.o
                0x080034fc                TIM_TimeBaseInit
 .text.TIM_Cmd  0x080035d0       0x40 ..\obj\stm32f4xx_tim.o
                0x080035d0                TIM_Cmd
 .text.TIM_OC1Init
                0x08003610       0xf4 ..\obj\stm32f4xx_tim.o
                0x08003610                TIM_OC1Init
 .text.vPWMTask
                0x08003704       0x7c ..\obj\PWM.o
                0x08003704                vPWMTask
 .text.Tim2_diller
                0x08003780       0xb0 ..\obj\PWM.o
                0x08003780                Tim2_diller
 .text.Timer1_PWMInit
                0x08003830        0xc ..\obj\PWM.o
                0x08003830                Timer1_PWMInit
 .text.atan2    0x0800383c        0x4 e:/programme/coide/gcc-arm-none-eabi-4_8-2014q3-20140805-win32/bin/../lib/gcc/arm-none-eabi/4.8.4/../../../../arm-none-eabi/lib/armv7e-m\libm.a(lib_a-w_atan2.o)
                0x0800383c                atan2
 .text.__ieee754_atan2
                0x08003840      0x1f0 e:/programme/coide/gcc-arm-none-eabi-4_8-2014q3-20140805-win32/bin/../lib/gcc/arm-none-eabi/4.8.4/../../../../arm-none-eabi/lib/armv7e-m\libm.a(lib_a-e_atan2.o)
                0x08003840                __ieee754_atan2
 .text.atan     0x08003a30      0x350 e:/programme/coide/gcc-arm-none-eabi-4_8-2014q3-20140805-win32/bin/../lib/gcc/arm-none-eabi/4.8.4/../../../../arm-none-eabi/lib/armv7e-m\libm.a(lib_a-s_atan.o)
                0x08003a30                atan
 .text.fabs     0x08003d80        0x8 e:/programme/coide/gcc-arm-none-eabi-4_8-2014q3-20140805-win32/bin/../lib/gcc/arm-none-eabi/4.8.4/../../../../arm-none-eabi/lib/armv7e-m\libm.a(lib_a-s_fabs.o)
                0x08003d80                fabs
 .text          0x08003d88      0x370 e:/programme/coide/gcc-arm-none-eabi-4_8-2014q3-20140805-win32/bin/../lib/gcc/arm-none-eabi/4.8.4/armv7e-m\libgcc.a(_arm_addsubdf3.o)
                0x08003d88                __aeabi_drsub
                0x08003d90                __aeabi_dsub
                0x08003d90                __subdf3
                0x08003d94                __aeabi_dadd
                0x08003d94                __adddf3
                0x0800400c                __floatunsidf
                0x0800400c                __aeabi_ui2d
                0x0800402c                __floatsidf
                0x0800402c                __aeabi_i2d
                0x08004050                __aeabi_f2d
                0x08004050                __extendsfdf2
                0x0800408c                __floatundidf
                0x0800408c                __aeabi_ul2d
                0x0800409c                __floatdidf
                0x0800409c                __aeabi_l2d
 .text          0x080040f8      0x424 e:/programme/coide/gcc-arm-none-eabi-4_8-2014q3-20140805-win32/bin/../lib/gcc/arm-none-eabi/4.8.4/armv7e-m\libgcc.a(_arm_muldivdf3.o)
                0x080040f8                __aeabi_dmul
                0x080040f8                __muldf3
                0x0800434c                __divdf3
                0x0800434c                __aeabi_ddiv
 .text          0x0800451c      0x110 e:/programme/coide/gcc-arm-none-eabi-4_8-2014q3-20140805-win32/bin/../lib/gcc/arm-none-eabi/4.8.4/armv7e-m\libgcc.a(_arm_cmpdf2.o)
                0x0800451c                __gtdf2
                0x0800451c                __gedf2
                0x08004524                __ltdf2
                0x08004524                __ledf2
                0x0800452c                __nedf2
                0x0800452c                __eqdf2
                0x0800452c                __cmpdf2
                0x080045a8                __aeabi_cdrcmple
                0x080045b8                __aeabi_cdcmpeq
                0x080045b8                __aeabi_cdcmple
                0x080045c8                __aeabi_dcmpeq
                0x080045dc                __aeabi_dcmplt
                0x080045f0                __aeabi_dcmple
                0x08004604                __aeabi_dcmpge
                0x08004618                __aeabi_dcmpgt
 .text          0x0800462c       0x50 e:/programme/coide/gcc-arm-none-eabi-4_8-2014q3-20140805-win32/bin/../lib/gcc/arm-none-eabi/4.8.4/armv7e-m\libgcc.a(_arm_fixdfsi.o)
                0x0800462c                __aeabi_d2iz
                0x0800462c                __fixdfsi
 .text          0x0800467c       0xa0 e:/programme/coide/gcc-arm-none-eabi-4_8-2014q3-20140805-win32/bin/../lib/gcc/arm-none-eabi/4.8.4/armv7e-m\libgcc.a(_arm_truncdfsf2.o)
                0x0800467c                __truncdfsf2
                0x0800467c                __aeabi_d2f
 .text          0x0800471c      0x21c e:/programme/coide/gcc-arm-none-eabi-4_8-2014q3-20140805-win32/bin/../lib/gcc/arm-none-eabi/4.8.4/armv7e-m\libgcc.a(_arm_addsubsf3.o)
                0x0800471c                __aeabi_frsub
                0x08004724                __subsf3
                0x08004724                __aeabi_fsub
                0x08004728                __aeabi_fadd
                0x08004728                __addsf3
                0x08004888                __aeabi_ui2f
                0x08004888                __floatunsisf
                0x08004890                __aeabi_i2f
                0x08004890                __floatsisf
                0x080048ac                __aeabi_ul2f
                0x080048ac                __floatundisf
                0x080048bc                __aeabi_l2f
                0x080048bc                __floatdisf
 .text          0x08004938      0x2a0 e:/programme/coide/gcc-arm-none-eabi-4_8-2014q3-20140805-win32/bin/../lib/gcc/arm-none-eabi/4.8.4/armv7e-m\libgcc.a(_arm_muldivsf3.o)
                0x08004938                __mulsf3
                0x08004938                __aeabi_fmul
                0x08004aa0                __aeabi_fdiv
                0x08004aa0                __divsf3
 .text          0x08004bd8       0xec e:/programme/coide/gcc-arm-none-eabi-4_8-2014q3-20140805-win32/bin/../lib/gcc/arm-none-eabi/4.8.4/armv7e-m\libgcc.a(_arm_cmpsf2.o)
                0x08004bd8                __gesf2
                0x08004bd8                __gtsf2
                0x08004be0                __lesf2
                0x08004be0                __ltsf2
                0x08004be8                __nesf2
                0x08004be8                __eqsf2
                0x08004be8                __cmpsf2
                0x08004c48                __aeabi_cfrcmple
                0x08004c50                __aeabi_cfcmpeq
                0x08004c50                __aeabi_cfcmple
                0x08004c60                __aeabi_fcmpeq
                0x08004c74                __aeabi_fcmplt
                0x08004c88                __aeabi_fcmple
                0x08004c9c                __aeabi_fcmpge
                0x08004cb0                __aeabi_fcmpgt
 .text          0x08004cc4       0x4c e:/programme/coide/gcc-arm-none-eabi-4_8-2014q3-20140805-win32/bin/../lib/gcc/arm-none-eabi/4.8.4/armv7e-m\libgcc.a(_arm_fixsfsi.o)
                0x08004cc4                __aeabi_f2iz
                0x08004cc4                __fixsfsi
 .text.memset   0x08004d10       0x94 e:/programme/coide/gcc-arm-none-eabi-4_8-2014q3-20140805-win32/bin/../lib/gcc/arm-none-eabi/4.8.4/../../../../arm-none-eabi/lib/armv7e-m\libc.a(lib_a-memset.o)
                0x08004d10                memset
 .text.strncpy  0x08004da4       0x64 e:/programme/coide/gcc-arm-none-eabi-4_8-2014q3-20140805-win32/bin/../lib/gcc/arm-none-eabi/4.8.4/../../../../arm-none-eabi/lib/armv7e-m\libc.a(lib_a-strncpy.o)
                0x08004da4                strncpy
 *(.init)
 *(.fini)
 *crtbegin.o(.ctors)
 *crtbegin?.o(.ctors)
 *(EXCLUDE_FILE(*crtend.o *crtend?.o) .ctors)
 *(SORT(.ctors.*))
 *(.ctors)
 *crtbegin.o(.dtors)
 *crtbegin?.o(.dtors)
 *(EXCLUDE_FILE(*crtend.o *crtend?.o) .dtors)
 *(SORT(.dtors.*))
 *(.dtors)
 *(.rodata*)
 .rodata        0x08004e08        0xc ..\obj\uart_et.o
 .rodata        0x08004e14       0x2c ..\obj\main.o
 .rodata        0x08004e40        0x8 ..\obj\tasks.o
 .rodata.atanlo
                0x08004e48       0x20 e:/programme/coide/gcc-arm-none-eabi-4_8-2014q3-20140805-win32/bin/../lib/gcc/arm-none-eabi/4.8.4/../../../../arm-none-eabi/lib/armv7e-m\libm.a(lib_a-s_atan.o)
 .rodata.atanhi
                0x08004e68       0x20 e:/programme/coide/gcc-arm-none-eabi-4_8-2014q3-20140805-win32/bin/../lib/gcc/arm-none-eabi/4.8.4/../../../../arm-none-eabi/lib/armv7e-m\libm.a(lib_a-s_atan.o)
 *(.eh_fram e*)

.glue_7         0x08004e88        0x0
 .glue_7        0x00000000        0x0 linker stubs

.glue_7t        0x08004e88        0x0
 .glue_7t       0x00000000        0x0 linker stubs

.vfp11_veneer   0x08004e88        0x0
 .vfp11_veneer  0x00000000        0x0 linker stubs

.v4_bx          0x08004e88        0x0
 .v4_bx         0x00000000        0x0 linker stubs

.iplt           0x08004e88        0x0
 .iplt          0x00000000        0x0 ..\obj\i2c.o

.rel.dyn        0x08004e88        0x0
 .rel.iplt      0x00000000        0x0 ..\obj\i2c.o

.ARM.extab
 *(.ARM.extab* .gnu.linkonce.armextab.*)
                0x08004e88                __exidx_start = .

.ARM.exidx
 *(.ARM.exidx* .gnu.linkonce.armexidx.*)
                0x08004e88                __exidx_end = .
                0x08004e88                __etext = .
                0x08004e88                _sidata = __etext

.data           0x20000000       0x20 load address 0x08004e88
                0x20000000                __data_start__ = .
                0x20000000                _sdata = __data_start__
 *(vtable)
 *(.data*)
 .data          0x20000000        0x4 ..\obj\LSM303DLHC.o
                0x20000000                RAD_TO_DEG
 .data          0x20000004        0x8 ..\obj\L3GD20.o
                0x20000004                G_GAIN
                0x20000008                DT
 .data          0x2000000c       0x10 ..\obj\stm32f4xx_rcc.o
 .data          0x2000001c        0x4 ..\obj\port.o
                0x20000020                . = ALIGN (0x4)
                0x20000020                PROVIDE (__preinit_array_start, .)
 *(.preinit_array)
                0x20000020                PROVIDE (__preinit_array_end, .)
                0x20000020                . = ALIGN (0x4)
                0x20000020                PROVIDE (__init_array_start, .)
 *(SORT(.init_array.*))
 *(.init_array)
                0x20000020                PROVIDE (__init_array_end, .)
                0x20000020                . = ALIGN (0x4)
                0x20000020                PROVIDE (__fini_array_start, .)
 *(SORT(.fini_array.*))
 *(.fini_array)
                0x20000020                PROVIDE (__fini_array_end, .)
 *(.jcr*)
                0x20000020                . = ALIGN (0x4)
                0x20000020                __data_end__ = .
                0x20000020                _edata = __data_end__

.igot.plt       0x20000020        0x0 load address 0x08004ea8
 .igot.plt      0x00000000        0x0 ..\obj\i2c.o

.bss            0x20000020     0xc9f8 load address 0x08004ea8
                0x20000020                . = ALIGN (0x4)
                0x20000020                __bss_start__ = .
                0x20000020                _sbss = __bss_start__
 *(.bss*)
 .bss           0x20000020      0x164 ..\obj\tasks.o
                0x20000020                pxCurrentTCB
 .bss           0x20000184        0x8 ..\obj\calculations.o
                0x20000184                oldValueGyro
 *fill*         0x2000018c        0x4 
 .bss           0x20000190     0xc818 ..\obj\heap_2.o
 *(COMMON)
 COMMON         0x2000c9a8       0x24 ..\obj\LSM303DLHC.o
                0x2000c9a8                acc
 COMMON         0x2000c9cc       0x18 ..\obj\SendMetric.o
                0x2000c9cc                att
 COMMON         0x2000c9e4       0x24 ..\obj\minimu9v2.o
                0x2000c9e4                regler_start
                0x2000c9e8                gyr
 COMMON         0x2000ca08       0x10 ..\obj\main.o
                0x2000ca08                pwm_ch4
                0x2000ca0c                pwm_ch3
                0x2000ca10                pwm_ch2
                0x2000ca14                pwm_ch1
                0x2000ca18                . = ALIGN (0x4)
                0x2000ca18                __bss_end__ = .
                0x2000ca18                _ebss = __bss_end__

.heap           0x2000ca18        0x0
                0x2000ca18                __end__ = .
                0x2000ca18                _end = __end__
                0x2000ca18                end = __end__
 *(.heap*)
                0x2000ca18                __HeapLimit = .

.co_stack       0x2000ca18      0x800 load address 0x080118a0
                0x2000ca18                . = ALIGN (0x8)
 *(.co_stack .co_stack.*)
 .co_stack      0x2000ca18      0x800 ..\obj\startup_stm32f4xx.o
                0x2000ca18                pulStack
                0x20020000                __StackTop = (ORIGIN (ram) + 0x20000)
                0x2001f800                __StackLimit = (__StackTop - SIZEOF (.co_stack))
                0x20020000                PROVIDE (__stack, __StackTop)
                0x00000001                ASSERT ((__StackLimit >= __HeapLimit), region ram  overflowed with stack)
LOAD ..\obj\i2c.o
LOAD ..\obj\LSM303DLHC.o
LOAD ..\obj\SendMetric.o
LOAD ..\obj\stm32f4xx_usart.o
LOAD ..\obj\stm32f4xx_pwr.o
LOAD ..\obj\led.o
LOAD ..\obj\minimu9v2.o
LOAD ..\obj\L3GD20.o
LOAD ..\obj\stm32f4xx_dac.o
LOAD ..\obj\common.o
LOAD ..\obj\uart_et.o
LOAD ..\obj\startup_stm32f4xx.o
LOAD ..\obj\main.o
LOAD ..\obj\stm32f4xx_rcc.o
LOAD ..\obj\printf.o
LOAD ..\obj\dac.o
LOAD ..\obj\tasks.o
LOAD ..\obj\stm32f4xx_gpio.o
LOAD ..\obj\list.o
LOAD ..\obj\system_stm32f4xx.o
LOAD ..\obj\syscalls.o
LOAD ..\obj\stm32f4xx_dma.o
LOAD ..\obj\PID.o
LOAD ..\obj\regler.o
LOAD ..\obj\queue.o
LOAD ..\obj\port.o
LOAD ..\obj\croutine.o
LOAD ..\obj\stm32f4xx_i2c.o
LOAD ..\obj\misc.o
LOAD ..\obj\calculations.o
LOAD ..\obj\heap_2.o
LOAD ..\obj\stm32f4xx_tim.o
LOAD ..\obj\PWM.o
LOAD e:/programme/coide/gcc-arm-none-eabi-4_8-2014q3-20140805-win32/bin/../lib/gcc/arm-none-eabi/4.8.4/../../../../arm-none-eabi/lib/armv7e-m\libm.a
LOAD e:/programme/coide/gcc-arm-none-eabi-4_8-2014q3-20140805-win32/bin/../lib/gcc/arm-none-eabi/4.8.4/armv7e-m\libgcc.a
LOAD e:/programme/coide/gcc-arm-none-eabi-4_8-2014q3-20140805-win32/bin/../lib/gcc/arm-none-eabi/4.8.4/../../../../arm-none-eabi/lib/armv7e-m\libc.a
START GROUP
LOAD e:/programme/coide/gcc-arm-none-eabi-4_8-2014q3-20140805-win32/bin/../lib/gcc/arm-none-eabi/4.8.4/armv7e-m\libgcc.a
LOAD e:/programme/coide/gcc-arm-none-eabi-4_8-2014q3-20140805-win32/bin/../lib/gcc/arm-none-eabi/4.8.4/../../../../arm-none-eabi/lib/armv7e-m\libg.a
LOAD e:/programme/coide/gcc-arm-none-eabi-4_8-2014q3-20140805-win32/bin/../lib/gcc/arm-none-eabi/4.8.4/../../../../arm-none-eabi/lib/armv7e-m\libc.a
END GROUP
OUTPUT(quadro.elf elf32-littlearm)

.debug_info     0x00000000     0x9c93
 .debug_info    0x00000000      0x431 ..\obj\i2c.o
 .debug_info    0x00000431      0x4db ..\obj\LSM303DLHC.o
 .debug_info    0x0000090c      0x170 ..\obj\SendMetric.o
 .debug_info    0x00000a7c      0x9c2 ..\obj\stm32f4xx_usart.o
 .debug_info    0x0000143e      0x33b ..\obj\led.o
 .debug_info    0x00001779      0x305 ..\obj\minimu9v2.o
 .debug_info    0x00001a7e      0x52f ..\obj\L3GD20.o
 .debug_info    0x00001fad      0x63a ..\obj\stm32f4xx_dac.o
 .debug_info    0x000025e7      0x4e7 ..\obj\uart_et.o
 .debug_info    0x00002ace       0xed ..\obj\startup_stm32f4xx.o
 .debug_info    0x00002bbb      0x231 ..\obj\main.o
 .debug_info    0x00002dec      0xc4d ..\obj\stm32f4xx_rcc.o
 .debug_info    0x00003a39      0xe38 ..\obj\printf.o
 .debug_info    0x00004871      0x333 ..\obj\dac.o
 .debug_info    0x00004ba4      0xc5e ..\obj\tasks.o
 .debug_info    0x00005802      0x602 ..\obj\stm32f4xx_gpio.o
 .debug_info    0x00005e04      0x27f ..\obj\list.o
 .debug_info    0x00006083      0x592 ..\obj\system_stm32f4xx.o
 .debug_info    0x00006615      0x272 ..\obj\regler.o
 .debug_info    0x00006887      0x1af ..\obj\port.o
 .debug_info    0x00006a36      0xaf4 ..\obj\stm32f4xx_i2c.o
 .debug_info    0x0000752a      0x1cb ..\obj\calculations.o
 .debug_info    0x000076f5      0x2a2 ..\obj\heap_2.o
 .debug_info    0x00007997     0x1c61 ..\obj\stm32f4xx_tim.o
 .debug_info    0x000095f8      0x69b ..\obj\PWM.o

.debug_abbrev   0x00000000     0x2176
 .debug_abbrev  0x00000000      0x110 ..\obj\i2c.o
 .debug_abbrev  0x00000110      0x1bd ..\obj\LSM303DLHC.o
 .debug_abbrev  0x000002cd       0xf4 ..\obj\SendMetric.o
 .debug_abbrev  0x000003c1      0x155 ..\obj\stm32f4xx_usart.o
 .debug_abbrev  0x00000516      0x182 ..\obj\led.o
 .debug_abbrev  0x00000698      0x10b ..\obj\minimu9v2.o
 .debug_abbrev  0x000007a3      0x1e9 ..\obj\L3GD20.o
 .debug_abbrev  0x0000098c      0x17c ..\obj\stm32f4xx_dac.o
 .debug_abbrev  0x00000b08      0x149 ..\obj\uart_et.o
 .debug_abbrev  0x00000c51       0xb0 ..\obj\startup_stm32f4xx.o
 .debug_abbrev  0x00000d01       0xce ..\obj\main.o
 .debug_abbrev  0x00000dcf      0x1e3 ..\obj\stm32f4xx_rcc.o
 .debug_abbrev  0x00000fb2      0x27e ..\obj\printf.o
 .debug_abbrev  0x00001230      0x135 ..\obj\dac.o
 .debug_abbrev  0x00001365      0x1e0 ..\obj\tasks.o
 .debug_abbrev  0x00001545      0x1a3 ..\obj\stm32f4xx_gpio.o
 .debug_abbrev  0x000016e8       0xba ..\obj\list.o
 .debug_abbrev  0x000017a2      0x136 ..\obj\system_stm32f4xx.o
 .debug_abbrev  0x000018d8       0xf3 ..\obj\regler.o
 .debug_abbrev  0x000019cb      0x109 ..\obj\port.o
 .debug_abbrev  0x00001ad4      0x164 ..\obj\stm32f4xx_i2c.o
 .debug_abbrev  0x00001c38       0xde ..\obj\calculations.o
 .debug_abbrev  0x00001d16      0x166 ..\obj\heap_2.o
 .debug_abbrev  0x00001e7c      0x187 ..\obj\stm32f4xx_tim.o
 .debug_abbrev  0x00002003      0x173 ..\obj\PWM.o

.debug_aranges  0x00000000      0xd38
 .debug_aranges
                0x00000000       0x20 ..\obj\i2c.o
 .debug_aranges
                0x00000020       0x50 ..\obj\LSM303DLHC.o
 .debug_aranges
                0x00000070       0x20 ..\obj\SendMetric.o
 .debug_aranges
                0x00000090      0x100 ..\obj\stm32f4xx_usart.o
 .debug_aranges
                0x00000190       0x40 ..\obj\led.o
 .debug_aranges
                0x000001d0       0x28 ..\obj\minimu9v2.o
 .debug_aranges
                0x000001f8       0x58 ..\obj\L3GD20.o
 .debug_aranges
                0x00000250       0xa0 ..\obj\stm32f4xx_dac.o
 .debug_aranges
                0x000002f0       0x50 ..\obj\uart_et.o
 .debug_aranges
                0x00000340       0x28 ..\obj\startup_stm32f4xx.o
 .debug_aranges
                0x00000368       0x28 ..\obj\main.o
 .debug_aranges
                0x00000390      0x178 ..\obj\stm32f4xx_rcc.o
 .debug_aranges
                0x00000508       0xa0 ..\obj\printf.o
 .debug_aranges
                0x000005a8       0x28 ..\obj\dac.o
 .debug_aranges
                0x000005d0      0x118 ..\obj\tasks.o
 .debug_aranges
                0x000006e8       0x88 ..\obj\stm32f4xx_gpio.o
 .debug_aranges
                0x00000770       0x40 ..\obj\list.o
 .debug_aranges
                0x000007b0       0x30 ..\obj\system_stm32f4xx.o
 .debug_aranges
                0x000007e0       0x20 ..\obj\regler.o
 .debug_aranges
                0x00000800       0x70 ..\obj\port.o
 .debug_aranges
                0x00000870      0x120 ..\obj\stm32f4xx_i2c.o
 .debug_aranges
                0x00000990       0x30 ..\obj\calculations.o
 .debug_aranges
                0x000009c0       0x38 ..\obj\heap_2.o
 .debug_aranges
                0x000009f8      0x2f8 ..\obj\stm32f4xx_tim.o
 .debug_aranges
                0x00000cf0       0x48 ..\obj\PWM.o

.debug_ranges   0x00000000      0xba8
 .debug_ranges  0x00000000       0x10 ..\obj\i2c.o
 .debug_ranges  0x00000010       0x40 ..\obj\LSM303DLHC.o
 .debug_ranges  0x00000050       0x10 ..\obj\SendMetric.o
 .debug_ranges  0x00000060       0xf0 ..\obj\stm32f4xx_usart.o
 .debug_ranges  0x00000150       0x30 ..\obj\led.o
 .debug_ranges  0x00000180       0x18 ..\obj\minimu9v2.o
 .debug_ranges  0x00000198       0x48 ..\obj\L3GD20.o
 .debug_ranges  0x000001e0       0x90 ..\obj\stm32f4xx_dac.o
 .debug_ranges  0x00000270       0x40 ..\obj\uart_et.o
 .debug_ranges  0x000002b0       0x18 ..\obj\startup_stm32f4xx.o
 .debug_ranges  0x000002c8       0x18 ..\obj\main.o
 .debug_ranges  0x000002e0      0x168 ..\obj\stm32f4xx_rcc.o
 .debug_ranges  0x00000448       0x90 ..\obj\printf.o
 .debug_ranges  0x000004d8       0x18 ..\obj\dac.o
 .debug_ranges  0x000004f0      0x108 ..\obj\tasks.o
 .debug_ranges  0x000005f8       0x78 ..\obj\stm32f4xx_gpio.o
 .debug_ranges  0x00000670       0x30 ..\obj\list.o
 .debug_ranges  0x000006a0       0x20 ..\obj\system_stm32f4xx.o
 .debug_ranges  0x000006c0       0x10 ..\obj\regler.o
 .debug_ranges  0x000006d0       0x60 ..\obj\port.o
 .debug_ranges  0x00000730      0x110 ..\obj\stm32f4xx_i2c.o
 .debug_ranges  0x00000840       0x20 ..\obj\calculations.o
 .debug_ranges  0x00000860       0x28 ..\obj\heap_2.o
 .debug_ranges  0x00000888      0x2e8 ..\obj\stm32f4xx_tim.o
 .debug_ranges  0x00000b70       0x38 ..\obj\PWM.o

.debug_line     0x00000000     0x5226
 .debug_line    0x00000000      0x225 ..\obj\i2c.o
 .debug_line    0x00000225      0x3d3 ..\obj\LSM303DLHC.o
 .debug_line    0x000005f8      0x22a ..\obj\SendMetric.o
 .debug_line    0x00000822      0x4ad ..\obj\stm32f4xx_usart.o
 .debug_line    0x00000ccf      0x2cb ..\obj\led.o
 .debug_line    0x00000f9a      0x290 ..\obj\minimu9v2.o
 .debug_line    0x0000122a      0x3e6 ..\obj\L3GD20.o
 .debug_line    0x00001610      0x363 ..\obj\stm32f4xx_dac.o
 .debug_line    0x00001973      0x29e ..\obj\uart_et.o
 .debug_line    0x00001c11       0x9d ..\obj\startup_stm32f4xx.o
 .debug_line    0x00001cae      0x23e ..\obj\main.o
 .debug_line    0x00001eec      0x5a5 ..\obj\stm32f4xx_rcc.o
 .debug_line    0x00002491      0x3a6 ..\obj\printf.o
 .debug_line    0x00002837      0x23b ..\obj\dac.o
 .debug_line    0x00002a72      0x6cc ..\obj\tasks.o
 .debug_line    0x0000313e      0x34a ..\obj\stm32f4xx_gpio.o
 .debug_line    0x00003488      0x1a0 ..\obj\list.o
 .debug_line    0x00003628      0x1fa ..\obj\system_stm32f4xx.o
 .debug_line    0x00003822      0x278 ..\obj\regler.o
 .debug_line    0x00003a9a      0x1bb ..\obj\port.o
 .debug_line    0x00003c55      0x4e6 ..\obj\stm32f4xx_i2c.o
 .debug_line    0x0000413b      0x1c1 ..\obj\calculations.o
 .debug_line    0x000042fc      0x190 ..\obj\heap_2.o
 .debug_line    0x0000448c      0xa70 ..\obj\stm32f4xx_tim.o
 .debug_line    0x00004efc      0x32a ..\obj\PWM.o

.debug_str      0x00000000     0x3a60
 .debug_str     0x00000000      0x3e7 ..\obj\i2c.o
                                0x43d (size before relaxing)
 .debug_str     0x000003e7      0x1b9 ..\obj\LSM303DLHC.o
                                0x3c6 (size before relaxing)
 .debug_str     0x000005a0       0x9d ..\obj\SendMetric.o
                                0x1f6 (size before relaxing)
 .debug_str     0x0000063d      0x4af ..\obj\stm32f4xx_usart.o
                                0x68b (size before relaxing)
 .debug_str     0x00000aec       0x78 ..\obj\led.o
                                0x383 (size before relaxing)
 .debug_str     0x00000b64       0x8c ..\obj\minimu9v2.o
                                0x287 (size before relaxing)
 .debug_str     0x00000bf0       0xdf ..\obj\L3GD20.o
                                0x3ae (size before relaxing)
 .debug_str     0x00000ccf      0x297 ..\obj\stm32f4xx_dac.o
                                0x44f (size before relaxing)
 .debug_str     0x00000f66       0xbd ..\obj\uart_et.o
                                0x4d2 (size before relaxing)
 .debug_str     0x00001023       0xac ..\obj\startup_stm32f4xx.o
                                0x143 (size before relaxing)
 .debug_str     0x000010cf       0x65 ..\obj\main.o
                                0x213 (size before relaxing)
 .debug_str     0x00001134      0x5df ..\obj\stm32f4xx_rcc.o
                                0x84c (size before relaxing)
 .debug_str     0x00001713      0x4c4 ..\obj\printf.o
                                0x658 (size before relaxing)
 .debug_str     0x00001bd7       0x6b ..\obj\dac.o
                                0x3c9 (size before relaxing)
 .debug_str     0x00001c42      0x726 ..\obj\tasks.o
                                0x8c0 (size before relaxing)
 .debug_str     0x00002368      0x18f ..\obj\stm32f4xx_gpio.o
                                0x49f (size before relaxing)
 .debug_str     0x000024f7       0xda ..\obj\list.o
                                0x286 (size before relaxing)
 .debug_str     0x000025d1      0x114 ..\obj\system_stm32f4xx.o
                                0x3a6 (size before relaxing)
 .debug_str     0x000026e5       0x89 ..\obj\regler.o
                                0x279 (size before relaxing)
 .debug_str     0x0000276e      0x157 ..\obj\port.o
                                0x256 (size before relaxing)
 .debug_str     0x000028c5      0x32d ..\obj\stm32f4xx_i2c.o
                                0x661 (size before relaxing)
 .debug_str     0x00002bf2       0x84 ..\obj\calculations.o
                                0x22a (size before relaxing)
 .debug_str     0x00002c76      0x18a ..\obj\heap_2.o
                                0x2b1 (size before relaxing)
 .debug_str     0x00002e00      0xb71 ..\obj\stm32f4xx_tim.o
                                0xdcc (size before relaxing)
 .debug_str     0x00003971       0xef ..\obj\PWM.o
                                0x618 (size before relaxing)

.comment        0x00000000       0x70
 .comment       0x00000000       0x70 ..\obj\i2c.o
                                 0x71 (size before relaxing)
 .comment       0x00000000       0x71 ..\obj\LSM303DLHC.o
 .comment       0x00000000       0x71 ..\obj\SendMetric.o
 .comment       0x00000000       0x71 ..\obj\stm32f4xx_usart.o
 .comment       0x00000000       0x71 ..\obj\led.o
 .comment       0x00000000       0x71 ..\obj\minimu9v2.o
 .comment       0x00000000       0x71 ..\obj\L3GD20.o
 .comment       0x00000000       0x71 ..\obj\stm32f4xx_dac.o
 .comment       0x00000000       0x71 ..\obj\uart_et.o
 .comment       0x00000000       0x71 ..\obj\startup_stm32f4xx.o
 .comment       0x00000000       0x71 ..\obj\main.o
 .comment       0x00000000       0x71 ..\obj\stm32f4xx_rcc.o
 .comment       0x00000000       0x71 ..\obj\printf.o
 .comment       0x00000000       0x71 ..\obj\dac.o
 .comment       0x00000000       0x71 ..\obj\tasks.o
 .comment       0x00000000       0x71 ..\obj\stm32f4xx_gpio.o
 .comment       0x00000000       0x71 ..\obj\list.o
 .comment       0x00000000       0x71 ..\obj\system_stm32f4xx.o
 .comment       0x00000000       0x71 ..\obj\regler.o
 .comment       0x00000000       0x71 ..\obj\port.o
 .comment       0x00000000       0x71 ..\obj\stm32f4xx_i2c.o
 .comment       0x00000000       0x71 ..\obj\calculations.o
 .comment       0x00000000       0x71 ..\obj\heap_2.o
 .comment       0x00000000       0x71 ..\obj\stm32f4xx_tim.o
 .comment       0x00000000       0x71 ..\obj\PWM.o

.ARM.attributes
                0x00000000       0x31
 .ARM.attributes
                0x00000000       0x33 ..\obj\i2c.o
 .ARM.attributes
                0x00000033       0x33 ..\obj\LSM303DLHC.o
 .ARM.attributes
                0x00000066       0x33 ..\obj\SendMetric.o
 .ARM.attributes
                0x00000099       0x33 ..\obj\stm32f4xx_usart.o
 .ARM.attributes
                0x000000cc       0x33 ..\obj\led.o
 .ARM.attributes
                0x000000ff       0x33 ..\obj\minimu9v2.o
 .ARM.attributes
                0x00000132       0x33 ..\obj\L3GD20.o
 .ARM.attributes
                0x00000165       0x33 ..\obj\stm32f4xx_dac.o
 .ARM.attributes
                0x00000198       0x33 ..\obj\uart_et.o
 .ARM.attributes
                0x000001cb       0x33 ..\obj\startup_stm32f4xx.o
 .ARM.attributes
                0x000001fe       0x33 ..\obj\main.o
 .ARM.attributes
                0x00000231       0x33 ..\obj\stm32f4xx_rcc.o
 .ARM.attributes
                0x00000264       0x33 ..\obj\printf.o
 .ARM.attributes
                0x00000297       0x33 ..\obj\dac.o
 .ARM.attributes
                0x000002ca       0x33 ..\obj\tasks.o
 .ARM.attributes
                0x000002fd       0x33 ..\obj\stm32f4xx_gpio.o
 .ARM.attributes
                0x00000330       0x33 ..\obj\list.o
 .ARM.attributes
                0x00000363       0x33 ..\obj\system_stm32f4xx.o
 .ARM.attributes
                0x00000396       0x33 ..\obj\regler.o
 .ARM.attributes
                0x000003c9       0x33 ..\obj\port.o
 .ARM.attributes
                0x000003fc       0x33 ..\obj\stm32f4xx_i2c.o
 .ARM.attributes
                0x0000042f       0x33 ..\obj\calculations.o
 .ARM.attributes
                0x00000462       0x33 ..\obj\heap_2.o
 .ARM.attributes
                0x00000495       0x33 ..\obj\stm32f4xx_tim.o
 .ARM.attributes
                0x000004c8       0x33 ..\obj\PWM.o
 .ARM.attributes
                0x000004fb       0x2e e:/programme/coide/gcc-arm-none-eabi-4_8-2014q3-20140805-win32/bin/../lib/gcc/arm-none-eabi/4.8.4/../../../../arm-none-eabi/lib/armv7e-m\libm.a(lib_a-w_atan2.o)
 .ARM.attributes
                0x00000529       0x2e e:/programme/coide/gcc-arm-none-eabi-4_8-2014q3-20140805-win32/bin/../lib/gcc/arm-none-eabi/4.8.4/../../../../arm-none-eabi/lib/armv7e-m\libm.a(lib_a-e_atan2.o)
 .ARM.attributes
                0x00000557       0x2e e:/programme/coide/gcc-arm-none-eabi-4_8-2014q3-20140805-win32/bin/../lib/gcc/arm-none-eabi/4.8.4/../../../../arm-none-eabi/lib/armv7e-m\libm.a(lib_a-s_atan.o)
 .ARM.attributes
                0x00000585       0x2e e:/programme/coide/gcc-arm-none-eabi-4_8-2014q3-20140805-win32/bin/../lib/gcc/arm-none-eabi/4.8.4/../../../../arm-none-eabi/lib/armv7e-m\libm.a(lib_a-s_fabs.o)
 .ARM.attributes
                0x000005b3       0x1e e:/programme/coide/gcc-arm-none-eabi-4_8-2014q3-20140805-win32/bin/../lib/gcc/arm-none-eabi/4.8.4/armv7e-m\libgcc.a(_arm_addsubdf3.o)
 .ARM.attributes
                0x000005d1       0x1e e:/programme/coide/gcc-arm-none-eabi-4_8-2014q3-20140805-win32/bin/../lib/gcc/arm-none-eabi/4.8.4/armv7e-m\libgcc.a(_arm_muldivdf3.o)
 .ARM.attributes
                0x000005ef       0x1e e:/programme/coide/gcc-arm-none-eabi-4_8-2014q3-20140805-win32/bin/../lib/gcc/arm-none-eabi/4.8.4/armv7e-m\libgcc.a(_arm_cmpdf2.o)
 .ARM.attributes
                0x0000060d       0x1e e:/programme/coide/gcc-arm-none-eabi-4_8-2014q3-20140805-win32/bin/../lib/gcc/arm-none-eabi/4.8.4/armv7e-m\libgcc.a(_arm_fixdfsi.o)
 .ARM.attributes
                0x0000062b       0x1e e:/programme/coide/gcc-arm-none-eabi-4_8-2014q3-20140805-win32/bin/../lib/gcc/arm-none-eabi/4.8.4/armv7e-m\libgcc.a(_arm_truncdfsf2.o)
 .ARM.attributes
                0x00000649       0x1e e:/programme/coide/gcc-arm-none-eabi-4_8-2014q3-20140805-win32/bin/../lib/gcc/arm-none-eabi/4.8.4/armv7e-m\libgcc.a(_arm_addsubsf3.o)
 .ARM.attributes
                0x00000667       0x1e e:/programme/coide/gcc-arm-none-eabi-4_8-2014q3-20140805-win32/bin/../lib/gcc/arm-none-eabi/4.8.4/armv7e-m\libgcc.a(_arm_muldivsf3.o)
 .ARM.attributes
                0x00000685       0x1e e:/programme/coide/gcc-arm-none-eabi-4_8-2014q3-20140805-win32/bin/../lib/gcc/arm-none-eabi/4.8.4/armv7e-m\libgcc.a(_arm_cmpsf2.o)
 .ARM.attributes
                0x000006a3       0x1e e:/programme/coide/gcc-arm-none-eabi-4_8-2014q3-20140805-win32/bin/../lib/gcc/arm-none-eabi/4.8.4/armv7e-m\libgcc.a(_arm_fixsfsi.o)
 .ARM.attributes
                0x000006c1       0x2e e:/programme/coide/gcc-arm-none-eabi-4_8-2014q3-20140805-win32/bin/../lib/gcc/arm-none-eabi/4.8.4/../../../../arm-none-eabi/lib/armv7e-m\libc.a(lib_a-memset.o)
 .ARM.attributes
                0x000006ef       0x2e e:/programme/coide/gcc-arm-none-eabi-4_8-2014q3-20140805-win32/bin/../lib/gcc/arm-none-eabi/4.8.4/../../../../arm-none-eabi/lib/armv7e-m\libc.a(lib_a-strncpy.o)

.debug_frame    0x00000000     0x29dc
 .debug_frame   0x00000000       0x30 ..\obj\i2c.o
 .debug_frame   0x00000030       0xec ..\obj\LSM303DLHC.o
 .debug_frame   0x0000011c       0x34 ..\obj\SendMetric.o
 .debug_frame   0x00000150      0x344 ..\obj\stm32f4xx_usart.o
 .debug_frame   0x00000494       0xa4 ..\obj\led.o
 .debug_frame   0x00000538       0x54 ..\obj\minimu9v2.o
 .debug_frame   0x0000058c      0x108 ..\obj\L3GD20.o
 .debug_frame   0x00000694      0x1ec ..\obj\stm32f4xx_dac.o
 .debug_frame   0x00000880       0xe8 ..\obj\uart_et.o
 .debug_frame   0x00000968       0x48 ..\obj\startup_stm32f4xx.o
 .debug_frame   0x000009b0       0x48 ..\obj\main.o
 .debug_frame   0x000009f8      0x4d8 ..\obj\stm32f4xx_rcc.o
 .debug_frame   0x00000ed0      0x244 ..\obj\printf.o
 .debug_frame   0x00001114       0x50 ..\obj\dac.o
 .debug_frame   0x00001164      0x3e4 ..\obj\tasks.o
 .debug_frame   0x00001548      0x19c ..\obj\stm32f4xx_gpio.o
 .debug_frame   0x000016e4       0x9c ..\obj\list.o
 .debug_frame   0x00001780       0x64 ..\obj\system_stm32f4xx.o
 .debug_frame   0x000017e4       0x34 ..\obj\regler.o
 .debug_frame   0x00001818      0x110 ..\obj\port.o
 .debug_frame   0x00001928      0x3b4 ..\obj\stm32f4xx_i2c.o
 .debug_frame   0x00001cdc       0x74 ..\obj\calculations.o
 .debug_frame   0x00001d50       0x80 ..\obj\heap_2.o
 .debug_frame   0x00001dd0      0xa3c ..\obj\stm32f4xx_tim.o
 .debug_frame   0x0000280c       0xc8 ..\obj\PWM.o
 .debug_frame   0x000028d4       0x20 e:/programme/coide/gcc-arm-none-eabi-4_8-2014q3-20140805-win32/bin/../lib/gcc/arm-none-eabi/4.8.4/../../../../arm-none-eabi/lib/armv7e-m\libm.a(lib_a-w_atan2.o)
 .debug_frame   0x000028f4       0x38 e:/programme/coide/gcc-arm-none-eabi-4_8-2014q3-20140805-win32/bin/../lib/gcc/arm-none-eabi/4.8.4/../../../../arm-none-eabi/lib/armv7e-m\libm.a(lib_a-e_atan2.o)
 .debug_frame   0x0000292c       0x38 e:/programme/coide/gcc-arm-none-eabi-4_8-2014q3-20140805-win32/bin/../lib/gcc/arm-none-eabi/4.8.4/../../../../arm-none-eabi/lib/armv7e-m\libm.a(lib_a-s_atan.o)
 .debug_frame   0x00002964       0x20 e:/programme/coide/gcc-arm-none-eabi-4_8-2014q3-20140805-win32/bin/../lib/gcc/arm-none-eabi/4.8.4/../../../../arm-none-eabi/lib/armv7e-m\libm.a(lib_a-s_fabs.o)
 .debug_frame   0x00002984       0x2c e:/programme/coide/gcc-arm-none-eabi-4_8-2014q3-20140805-win32/bin/../lib/gcc/arm-none-eabi/4.8.4/../../../../arm-none-eabi/lib/armv7e-m\libc.a(lib_a-memset.o)
 .debug_frame   0x000029b0       0x2c e:/programme/coide/gcc-arm-none-eabi-4_8-2014q3-20140805-win32/bin/../lib/gcc/arm-none-eabi/4.8.4/../../../../arm-none-eabi/lib/armv7e-m\libc.a(lib_a-strncpy.o)
